// Jest Snapshot v1, https://goo.gl/fbAQLP

exports[`<EventGallery /> matches the snapshot 1`] = `
<div
  className="event-gallery-masonry"
/>
`;
