// Jest Snapshot v1, https://goo.gl/fbAQLP

exports[`<NavBar /> matches the snapshot 1`] = `
Array [
  <div>
    <div
      className="bm-overlay"
      onClick={[Function]}
      style={
        Object {
          "MozTransform": "translate3d(100%, 0, 0)",
          "MsTransform": "translate3d(100%, 0, 0)",
          "OTransform": "translate3d(100%, 0, 0)",
          "WebkitTransform": "translate3d(100%, 0, 0)",
          "background": "rgba(0, 0, 0, 0.3)",
          "height": "100%",
          "opacity": 0,
          "position": "fixed",
          "transform": "translate3d(100%, 0, 0)",
          "transition": "opacity 0.3s, transform 0s 0.3s",
          "width": "100%",
          "zIndex": 1000,
        }
      }
    />
    <div
      className="bm-menu-wrap"
      id=""
      style={
        Object {
          "MozTransform": "translate3d(-100%, 0, 0)",
          "MsTransform": "translate3d(-100%, 0, 0)",
          "OTransform": "translate3d(-100%, 0, 0)",
          "WebkitTransform": "translate3d(-100%, 0, 0)",
          "height": "100%",
          "position": "fixed",
          "right": "inherit",
          "transform": "translate3d(-100%, 0, 0)",
          "transition": "all 0.5s",
          "width": "300px",
          "zIndex": 1100,
        }
      }
    >
      <div
        className="bm-menu"
        style={
          Object {
            "boxSizing": "border-box",
            "height": "100%",
            "overflow": "auto",
          }
        }
      >
        <nav
          className="bm-item-list"
          style={
            Object {
              "height": "100%",
            }
          }
        >
          <a
            className="bm-item menu-item"
            href="/"
            id="home"
            style={
              Object {
                "display": "block",
              }
            }
            tabIndex={-1}
          >
            Home
          </a>
          <a
            className="bm-item menu-item"
            href="/login"
            id="login"
            style={
              Object {
                "display": "block",
              }
            }
            tabIndex={-1}
          >
            Login
          </a>
          <a
            className="bm-item menu-item"
            href="/event/create"
            id="create-event"
            style={
              Object {
                "display": "block",
              }
            }
            tabIndex={-1}
          >
            Create Event
          </a>
          <a
            className="bm-item menu-item"
            href="/event-listings"
            id="event-listings"
            style={
              Object {
                "display": "block",
              }
            }
            tabIndex={-1}
          >
            Events
          </a>
          <a
            className="bm-item menu-item"
            href="/user"
            id="user"
            style={
              Object {
                "display": "block",
              }
            }
            tabIndex={-1}
          >
            Profile
          </a>
        </nav>
      </div>
      <div
        style={Object {}}
      >
        <div
          className="bm-cross-button"
          style={
            Object {
              "height": 24,
              "position": "absolute",
              "right": 8,
              "top": 8,
              "width": 24,
            }
          }
        >
          <span
            style={
              Object {
                "position": "absolute",
                "right": "14px",
                "top": "6px",
              }
            }
          >
            <span
              className="bm-cross"
              style={
                Object {
                  "height": 14,
                  "position": "absolute",
                  "transform": "rotate(45deg)",
                  "width": 3,
                }
              }
            />
            <span
              className="bm-cross"
              style={
                Object {
                  "height": 14,
                  "position": "absolute",
                  "transform": "rotate(-45deg)",
                  "width": 3,
                }
              }
            />
          </span>
          <button
            onClick={[Function]}
            style={
              Object {
                "background": "transparent",
                "border": "none",
                "cursor": "pointer",
                "fontSize": 0,
                "height": "100%",
                "left": 0,
                "margin": 0,
                "padding": 0,
                "position": "absolute",
                "top": 0,
                "width": "100%",
              }
            }
            tabIndex={-1}
          >
            Close Menu
          </button>
        </div>
      </div>
    </div>
    <div
      style={Object {}}
    >
      <div
        className="bm-burger-button"
        style={
          Object {
            "zIndex": 1000,
          }
        }
      >
        <span>
          <span
            className="bm-burger-bars"
            style={
              Object {
                "height": "20%",
                "left": 0,
                "opacity": 1,
                "position": "absolute",
                "right": 0,
                "top": "0%",
              }
            }
          />
          <span
            className="bm-burger-bars"
            style={
              Object {
                "height": "20%",
                "left": 0,
                "opacity": 1,
                "position": "absolute",
                "right": 0,
                "top": "40%",
              }
            }
          />
          <span
            className="bm-burger-bars"
            style={
              Object {
                "height": "20%",
                "left": 0,
                "opacity": 1,
                "position": "absolute",
                "right": 0,
                "top": "80%",
              }
            }
          />
        </span>
        <button
          onClick={[Function]}
          onMouseOut={[Function]}
          onMouseOver={[Function]}
          style={
            Object {
              "background": "transparent",
              "border": "none",
              "cursor": "pointer",
              "fontSize": 0,
              "height": "100%",
              "left": 0,
              "margin": 0,
              "padding": 0,
              "position": "absolute",
              "top": 0,
              "width": "100%",
            }
          }
        >
          Open Menu
        </button>
      </div>
    </div>
  </div>,
  <div
    id="nav-container"
  >
    <div
      id="nav-login-button-container"
    >
      <a
        className="btn btn-link"
        href="/login"
        id="nav-login-button"
        onClick={[Function]}
        onKeyDown={[Function]}
      >
        LOGIN
      </a>
    </div>
    <div
      id="img-container"
    >
      <a
        href="/"
      >
        <img
          alt="Upvent logo"
          src="upvent.png"
        />
      </a>
    </div>
  </div>,
]
`;
