// Jest Snapshot v1, https://goo.gl/fbAQLP

exports[`<MyEventsTable /> matches the snapshot 1`] = `
<div
  className="table-container"
>
  <div />
</div>
`;
